---
source: salti/src/ui/panes/consensus.rs
expression: "consensus_text(&[CAT, CAT], |_| Ok(()))"
---
┌──────────────────┬───────────────────────────────────────────────────────────────────────────────┐
│Reference Sequence│No reference selected.                                                         │
│Consensus Sequence│CATCATCATCATCATCAT                                                             │
│Conservation:     │██████████████████                                                             │
└──────────────────┴───────────────────────────────────────────────────────────────────────────────┘
