---
source: salti/src/ui/panes/alignment.rs
expression: "render_text(&session, None, &window, Rect::new(0, 0, 60, 12))"
---
┌───────────────────────────────────────────────┐
│        20        30                           │
│    .    |    .    |    .                      │
│ATCATCATCATCATCATCATCATCAT                     │
│ATCATCATCATCATCATCATCATCAT                     │
│ATCATCATCATCATCATCATCATCAT                     │
│                                               │
└─────────────▬▬▬▬▬▬▬▬▬▬▬▬▬▬▬▬▬▬▬▬▬▬▬▬▬▬▬▬▬▬▬▬▬▬┘
