---
source: salti/src/ui/panes/alignment.rs
expression: render_full(&session)
---
┌───────────────────────────────────────────────────────────────────────────────┐
│1       10                                                                     │
│.   .    |    .                                                                │
│                                                                               │
│                                                                               │
│                            No sequences to display                            │
│                                                                               │
└───────────────────────────────────────────────────────────────────────────────┘
