---
source: salti/src/ui/panes/alignment.rs
expression: render_full(&session)
---
┌───────────────────────────────────────────────────────────────────────────────┐
│1       10                                                                     │
│.   .    |    .                                                                │
│CATCATCATCATCATCAT                                                             │
│CATCATCATCATCATCAT                                                             │
│CATCATCATCATCATCAT                                                             │
│                                                                               │
└───────────────────────────────────────────────────────────────────────────────┘
