---
source: salti/src/ui/panes/sequence_id.rs
expression: "render_sequence_id_pane_text(&alignment, &window)"
---
┌────────────────────────────┐
│                            │
│                            │
│1 seq1                      │
│2 seq2                      │
│3 seq3                      │
│                            │
└────────────────────────────┘
