---
source: salti/src/ui/panes/alignment.rs
expression: render_full(&session)
---
┌───────────────────────────────────────────────────────────────────────────────┐
│1                                                                              │
│.   .                                                                          │
│HHHHHX                                                                         │
│HHHHHX                                                                         │
│                                                                               │
│                                                                               │
└───────────────────────────────────────────────────────────────────────────────┘
