---
source: salti/src/ui/panes/alignment.rs
expression: "render_alignment_pane_text(&alignment, &ColumnStatsCache::default(),\nRect::new(0, 0, 100, 12), 0, 0,)"
---
┌───────────────────────────────────────────────────────────────────────────────┐
│1    10                                                                        │
│. ›   |    .                                                                   │
│CATCATCATCATCAT                                                                │
│CATCATCATCATCAT                                                                │
│───────────────────────────────────────────────────────────────────────────────│
│CATCATCATCATCAT                                                                │
└───────────────────────────────────────────────────────────────────────────────┘
