---
source: salti/src/ui/panes/sequence_id.rs
expression: "render_text(&session, &full_window(&session),\nAlignmentHeaderLayout::new(2))"
---
┌────────────────────────────┐
│                            │
│                            │
│                            │
│                            │
│1 seq1                      │
│2 seq2                      │
└────────────────────────────┘
