---
source: salti/src/ui/panes/alignment.rs
expression: render_full(&session)
---
┌───────────────────────────────────────────────────────────────────────────────┐
│                                                                               │
│                                                                               │
│                                                                               │
│                                                                               │
│                             No columns to display                             │
│                                                                               │
└───────────────────────────────────────────────────────────────────────────────┘
